pt 1 3
pt 1 6
pt 2 3
pt 2 6
pt 3 3
pt 3 6
pt 4 3
pt 4 6
pt 5 3
pt 7 1
