pt 1 2
pt 1 6
pt 1 7
pt 2 2
pt 2 6
pt 3 2
pt 3 6
pt 4 2
pt 4 6
pt 5 2
pt 5 6
pt 5 7
