pt 1 2
pt 2 2
pt 2 3
pt 2 6
pt 2 7
pt 3 4
pt 3 6
pt 3 7
pt 4 5
pt 4 6
pt 6 6
pt 6 7
pt 7 6
pt 7 7
