pt 1 2
pt 1 3
pt 2 1
pt 2 2
pt 2 3
pt 3 2
pt 4 1
pt 4 2
pt 4 3
