pt 1 4
pt 2 5
pt 3 4
pt 3 5
pt 4 6
pt 4 7
pt 5 6
pt 5 7
pt 5 8
