pt 1 4
pt 2 5
pt 2 6
pt 3 7
pt 4 8
pt 5 8
pt 6 9
pt 7 9
