pt 10 11
pt 10 12
pt 11 13
pt 12 13
pt 12 14
pt 1 4
pt 2 5
pt 3 6
pt 4 7
pt 5 8
pt 6 9
pt 7 10
pt 8 10
pt 9 10
