pt 10 14
pt 1 10
pt 11 16
pt 11 19
pt 13 16
pt 13 19
pt 14 16
pt 15 16
pt 16 21
pt 16 24
pt 18 21
pt 1 9
pt 19 21
pt 20 21
pt 20 24
pt 21 26
pt 21 27
pt 24 26
pt 24 27
pt 25 26
pt 25 27
pt 26 35
pt 27 35
pt 30 33
pt 30 35
pt 3 10
pt 31 36
pt 32 37
pt 35 37
pt 36 42
pt 3 7
pt 37 42
pt 37 45
pt 3 9
pt 40 42
pt 41 46
pt 41 47
pt 41 48
pt 42 47
pt 42 48
pt 45 47
pt 45 48
pt 46 54
pt 47 54
pt 48 54
pt 49 51
pt 50 53
pt 5 10
pt 5 9
pt 6 11
pt 6 14
pt 7 14
pt 8 11
pt 8 12
pt 8 14
pt 9 14
