pt 100 103
pt 10 11
pt 11 16
pt 11 19
pt 12 16
pt 14 16
pt 15 16
pt 15 18
pt 16 21
pt 16 23
pt 1 7
pt 1 8
pt 18 21
pt 18 23
pt 19 21
pt 20 21
pt 20 23
pt 20 24
pt 21 30
pt 23 30
pt 25 29
pt 26 32
pt 2 7
pt 27 32
pt 27 33
pt 2 8
pt 30 32
pt 30 33
pt 31 37
pt 32 38
pt 33 38
pt 34 38
pt 35 38
pt 36 44
pt 37 42
pt 37 44
pt 38 42
pt 38 44
pt 40 42
pt 41 46
pt 42 46
pt 42 49
pt 43 48
pt 44 46
pt 44 49
pt 45 49
pt 46 52
pt 47 51
pt 50 51
pt 51 56
pt 52 56
pt 53 56
pt 55 59
pt 5 6
pt 56 63
pt 56 65
pt 5 7
pt 5 8
pt 59 65
pt 60 61
pt 6 12
pt 61 66
pt 63 66
pt 63 69
pt 65 66
pt 65 69
pt 66 73
pt 66 75
pt 68 73
pt 68 75
pt 69 73
pt 69 75
pt 70 75
pt 7 12
pt 71 79
pt 72 76
pt 73 80
pt 75 80
pt 76 85
pt 79 84
pt 80 83
pt 80 85
pt 8 12
pt 81 88
pt 84 86
pt 85 86
pt 86 94
pt 88 94
pt 88 95
pt 90 95
pt 9 11
pt 9 12
pt 91 98
pt 92 100
pt 95 99
pt 96 105
pt 98 103
