pt 100 102
pt 101 106
pt 10 14
pt 102 107
pt 104 107
pt 104 108
pt 105 107
pt 106 115
pt 107 115
pt 109 111
pt 1 10
pt 110 112
pt 111 117
pt 11 17
pt 113 117
pt 115 116
pt 116 125
pt 117 124
pt 120 123
pt 121 130
pt 12 16
pt 12 19
pt 123 127
pt 125 126
pt 126 133
pt 128 131
pt 130 131
pt 130 133
pt 131 139
pt 133 137
pt 135 140
pt 136 142
pt 138 141
pt 140 141
pt 141 146
pt 14 16
pt 14 19
pt 142 148
pt 145 150
pt 146 153
pt 149 151
pt 150 155
pt 15 16
pt 15 19
pt 16 23
pt 16 25
pt 1 7
pt 17 23
pt 17 25
pt 1 9
pt 19 23
pt 19 25
pt 20 23
pt 21 26
pt 23 30
pt 25 30
pt 26 35
pt 27 33
pt 27 35
pt 30 35
pt 31 39
pt 34 40
pt 35 39
pt 36 43
pt 3 7
pt 38 43
pt 3 9
pt 39 43
pt 40 43
pt 41 49
pt 43 46
pt 43 48
pt 45 46
pt 46 51
pt 46 52
pt 46 54
pt 48 51
pt 48 54
pt 49 54
pt 50 51
pt 51 59
pt 51 60
pt 52 59
pt 52 60
pt 54 59
pt 54 60
pt 55 60
pt 56 61
pt 5 7
pt 58 64
pt 5 9
pt 59 61
pt 60 61
pt 6 14
pt 6 15
pt 61 67
pt 61 70
pt 64 70
pt 65 70
pt 66 72
pt 69 71
pt 70 74
pt 7 14
pt 7 15
pt 71 77
pt 74 77
pt 74 79
pt 75 77
pt 76 82
pt 77 84
pt 78 84
pt 79 84
pt 80 84
pt 81 87
pt 82 86
pt 84 86
pt 85 86
pt 86 91
pt 88 95
pt 90 93
pt 91 100
pt 9 14
pt 92 96
pt 95 100
pt 96 103
pt 98 102
pt 98 104
