pt 100 103
pt 101 109
pt 10 12
pt 10 14
pt 104 108
pt 105 107
pt 106 111
pt 109 111
pt 1 10
pt 110 114
pt 111 120
pt 11 16
pt 113 119
pt 115 116
pt 116 122
pt 118 123
pt 120 123
pt 121 129
pt 12 17
pt 124 128
pt 125 128
pt 126 135
pt 128 135
pt 130 134
pt 131 139
pt 132 136
pt 135 140
pt 136 142
pt 138 141
pt 140 144
pt 141 146
pt 14 17
pt 144 146
pt 145 146
pt 146 153
pt 149 152
pt 150 151
pt 151 159
pt 15 16
pt 15 17
pt 15 20
pt 153 158
pt 155 160
pt 156 161
pt 157 162
pt 1 6
pt 160 163
pt 161 170
pt 16 21
pt 162 169
pt 16 24
pt 16 25
pt 165 169
pt 166 172
pt 168 171
pt 170 173
pt 171 176
pt 17 21
pt 17 25
pt 173 180
pt 175 176
pt 176 181
pt 177 183
pt 180 183
pt 181 187
pt 184 190
pt 185 187
pt 186 194
pt 189 194
pt 1 9
pt 190 193
pt 191 198
pt 194 200
pt 195 200
pt 196 203
pt 197 201
pt 200 203
pt 20 21
pt 20 25
pt 21 27
pt 21 30
pt 22 28
pt 24 27
pt 24 30
pt 25 27
pt 25 30
pt 26 32
pt 27 35
pt 29 35
pt 30 35
pt 3 10
pt 31 37
pt 32 37
pt 34 38
pt 35 37
pt 3 6
pt 36 41
pt 37 41
pt 37 42
pt 3 9
pt 40 44
pt 41 48
pt 41 50
pt 43 47
pt 43 48
pt 43 50
pt 45 48
pt 46 53
pt 48 53
pt 50 53
pt 5 10
pt 51 56
pt 52 60
pt 53 60
pt 55 60
pt 5 6
pt 56 63
pt 5 9
pt 59 62
pt 59 65
pt 60 62
pt 60 65
pt 6 12
pt 6 14
pt 61 66
pt 62 66
pt 62 67
pt 63 67
pt 65 66
pt 65 67
pt 65 69
pt 66 74
pt 66 75
pt 67 74
pt 68 71
pt 69 74
pt 70 74
pt 7 12
pt 7 14
pt 71 80
pt 74 77
pt 74 79
pt 75 77
pt 75 79
pt 76 85
pt 78 82
pt 80 82
pt 81 87
pt 81 88
pt 83 88
pt 85 89
pt 86 94
pt 87 95
pt 90 92
pt 9 12
pt 9 14
pt 91 97
pt 94 96
pt 95 100
pt 96 103
pt 98 105
